// Jest Snapshot v1, https://goo.gl/fbAQLP

exports[`Check the prompts indexMain functions it should be return the answers when call() is called 1`] = `
Array [
  Object {
    "default": undefined,
    "message": "Index name:",
    "name": "name",
    "type": "input",
    "validate": [Function],
  },
  Object {
    "choices": Array [
      Object {
        "checked": false,
        "disabled": false,
        "name": "_id",
        "short": "_id",
        "value": ColumnDataset {
          "collection": CollectionDataset {
            "columns": Array [
              [Circular],
              ColumnDataset {
                "collection": [Circular],
                "column": Object {
                  "name": "column1",
                  "type": "string",
                },
                "columns": Array [],
                "index": undefined,
                "parent": [Circular],
                "readonly": false,
                "subTypes": Array [],
              },
              ColumnDataset {
                "collection": [Circular],
                "column": Object {
                  "name": "column2",
                  "type": "string",
                },
                "columns": Array [],
                "index": undefined,
                "parent": [Circular],
                "readonly": false,
                "subTypes": Array [],
              },
              ColumnDataset {
                "collection": [Circular],
                "column": Object {
                  "name": "createdAt",
                  "type": "date",
                },
                "columns": Array [],
                "index": undefined,
                "parent": [Circular],
                "readonly": true,
                "subTypes": Array [],
              },
              ColumnDataset {
                "collection": [Circular],
                "column": Object {
                  "name": "updatedAt",
                  "type": "date",
                },
                "columns": Array [],
                "index": undefined,
                "parent": [Circular],
                "readonly": true,
                "subTypes": Array [],
              },
            ],
            "idType": "objectId",
            "indexes": Array [
              IndexDataset {
                "columns": Array [
                  Array [
                    ColumnDataset {
                      "collection": [Circular],
                      "column": Object {
                        "name": "column1",
                        "type": "string",
                      },
                      "columns": Array [],
                      "index": undefined,
                      "parent": [Circular],
                      "readonly": false,
                      "subTypes": Array [],
                    },
                    1,
                  ],
                ],
                "index": Object {
                  "columns": Object {
                    "column1": 1,
                  },
                  "name": "index1",
                  "properties": Object {},
                },
                "name": "index1",
                "parent": [Circular],
                "properties": Object {},
                "readonly": false,
              },
            ],
            "name": "collectionName",
            "parent": [MockFunction],
          },
          "column": Object {
            "name": "_id",
            "type": "objectId",
          },
          "columns": Array [],
          "index": undefined,
          "parent": CollectionDataset {
            "columns": Array [
              [Circular],
              ColumnDataset {
                "collection": [Circular],
                "column": Object {
                  "name": "column1",
                  "type": "string",
                },
                "columns": Array [],
                "index": undefined,
                "parent": [Circular],
                "readonly": false,
                "subTypes": Array [],
              },
              ColumnDataset {
                "collection": [Circular],
                "column": Object {
                  "name": "column2",
                  "type": "string",
                },
                "columns": Array [],
                "index": undefined,
                "parent": [Circular],
                "readonly": false,
                "subTypes": Array [],
              },
              ColumnDataset {
                "collection": [Circular],
                "column": Object {
                  "name": "createdAt",
                  "type": "date",
                },
                "columns": Array [],
                "index": undefined,
                "parent": [Circular],
                "readonly": true,
                "subTypes": Array [],
              },
              ColumnDataset {
                "collection": [Circular],
                "column": Object {
                  "name": "updatedAt",
                  "type": "date",
                },
                "columns": Array [],
                "index": undefined,
                "parent": [Circular],
                "readonly": true,
                "subTypes": Array [],
              },
            ],
            "idType": "objectId",
            "indexes": Array [
              IndexDataset {
                "columns": Array [
                  Array [
                    ColumnDataset {
                      "collection": [Circular],
                      "column": Object {
                        "name": "column1",
                        "type": "string",
                      },
                      "columns": Array [],
                      "index": undefined,
                      "parent": [Circular],
                      "readonly": false,
                      "subTypes": Array [],
                    },
                    1,
                  ],
                ],
                "index": Object {
                  "columns": Object {
                    "column1": 1,
                  },
                  "name": "index1",
                  "properties": Object {},
                },
                "name": "index1",
                "parent": [Circular],
                "properties": Object {},
                "readonly": false,
              },
            ],
            "name": "collectionName",
            "parent": [MockFunction],
          },
          "readonly": true,
          "subTypes": Array [],
        },
      },
      Object {
        "checked": false,
        "disabled": false,
        "name": "column1",
        "short": "column1",
        "value": ColumnDataset {
          "collection": CollectionDataset {
            "columns": Array [
              ColumnDataset {
                "collection": [Circular],
                "column": Object {
                  "name": "_id",
                  "type": "objectId",
                },
                "columns": Array [],
                "index": undefined,
                "parent": [Circular],
                "readonly": true,
                "subTypes": Array [],
              },
              [Circular],
              ColumnDataset {
                "collection": [Circular],
                "column": Object {
                  "name": "column2",
                  "type": "string",
                },
                "columns": Array [],
                "index": undefined,
                "parent": [Circular],
                "readonly": false,
                "subTypes": Array [],
              },
              ColumnDataset {
                "collection": [Circular],
                "column": Object {
                  "name": "createdAt",
                  "type": "date",
                },
                "columns": Array [],
                "index": undefined,
                "parent": [Circular],
                "readonly": true,
                "subTypes": Array [],
              },
              ColumnDataset {
                "collection": [Circular],
                "column": Object {
                  "name": "updatedAt",
                  "type": "date",
                },
                "columns": Array [],
                "index": undefined,
                "parent": [Circular],
                "readonly": true,
                "subTypes": Array [],
              },
            ],
            "idType": "objectId",
            "indexes": Array [
              IndexDataset {
                "columns": Array [
                  Array [
                    [Circular],
                    1,
                  ],
                ],
                "index": Object {
                  "columns": Object {
                    "column1": 1,
                  },
                  "name": "index1",
                  "properties": Object {},
                },
                "name": "index1",
                "parent": [Circular],
                "properties": Object {},
                "readonly": false,
              },
            ],
            "name": "collectionName",
            "parent": [MockFunction],
          },
          "column": Object {
            "name": "column1",
            "type": "string",
          },
          "columns": Array [],
          "index": undefined,
          "parent": CollectionDataset {
            "columns": Array [
              ColumnDataset {
                "collection": [Circular],
                "column": Object {
                  "name": "_id",
                  "type": "objectId",
                },
                "columns": Array [],
                "index": undefined,
                "parent": [Circular],
                "readonly": true,
                "subTypes": Array [],
              },
              [Circular],
              ColumnDataset {
                "collection": [Circular],
                "column": Object {
                  "name": "column2",
                  "type": "string",
                },
                "columns": Array [],
                "index": undefined,
                "parent": [Circular],
                "readonly": false,
                "subTypes": Array [],
              },
              ColumnDataset {
                "collection": [Circular],
                "column": Object {
                  "name": "createdAt",
                  "type": "date",
                },
                "columns": Array [],
                "index": undefined,
                "parent": [Circular],
                "readonly": true,
                "subTypes": Array [],
              },
              ColumnDataset {
                "collection": [Circular],
                "column": Object {
                  "name": "updatedAt",
                  "type": "date",
                },
                "columns": Array [],
                "index": undefined,
                "parent": [Circular],
                "readonly": true,
                "subTypes": Array [],
              },
            ],
            "idType": "objectId",
            "indexes": Array [
              IndexDataset {
                "columns": Array [
                  Array [
                    [Circular],
                    1,
                  ],
                ],
                "index": Object {
                  "columns": Object {
                    "column1": 1,
                  },
                  "name": "index1",
                  "properties": Object {},
                },
                "name": "index1",
                "parent": [Circular],
                "properties": Object {},
                "readonly": false,
              },
            ],
            "name": "collectionName",
            "parent": [MockFunction],
          },
          "readonly": false,
          "subTypes": Array [],
        },
      },
      Object {
        "checked": false,
        "disabled": false,
        "name": "column2",
        "short": "column2",
        "value": ColumnDataset {
          "collection": CollectionDataset {
            "columns": Array [
              ColumnDataset {
                "collection": [Circular],
                "column": Object {
                  "name": "_id",
                  "type": "objectId",
                },
                "columns": Array [],
                "index": undefined,
                "parent": [Circular],
                "readonly": true,
                "subTypes": Array [],
              },
              ColumnDataset {
                "collection": [Circular],
                "column": Object {
                  "name": "column1",
                  "type": "string",
                },
                "columns": Array [],
                "index": undefined,
                "parent": [Circular],
                "readonly": false,
                "subTypes": Array [],
              },
              [Circular],
              ColumnDataset {
                "collection": [Circular],
                "column": Object {
                  "name": "createdAt",
                  "type": "date",
                },
                "columns": Array [],
                "index": undefined,
                "parent": [Circular],
                "readonly": true,
                "subTypes": Array [],
              },
              ColumnDataset {
                "collection": [Circular],
                "column": Object {
                  "name": "updatedAt",
                  "type": "date",
                },
                "columns": Array [],
                "index": undefined,
                "parent": [Circular],
                "readonly": true,
                "subTypes": Array [],
              },
            ],
            "idType": "objectId",
            "indexes": Array [
              IndexDataset {
                "columns": Array [
                  Array [
                    ColumnDataset {
                      "collection": [Circular],
                      "column": Object {
                        "name": "column1",
                        "type": "string",
                      },
                      "columns": Array [],
                      "index": undefined,
                      "parent": [Circular],
                      "readonly": false,
                      "subTypes": Array [],
                    },
                    1,
                  ],
                ],
                "index": Object {
                  "columns": Object {
                    "column1": 1,
                  },
                  "name": "index1",
                  "properties": Object {},
                },
                "name": "index1",
                "parent": [Circular],
                "properties": Object {},
                "readonly": false,
              },
            ],
            "name": "collectionName",
            "parent": [MockFunction],
          },
          "column": Object {
            "name": "column2",
            "type": "string",
          },
          "columns": Array [],
          "index": undefined,
          "parent": CollectionDataset {
            "columns": Array [
              ColumnDataset {
                "collection": [Circular],
                "column": Object {
                  "name": "_id",
                  "type": "objectId",
                },
                "columns": Array [],
                "index": undefined,
                "parent": [Circular],
                "readonly": true,
                "subTypes": Array [],
              },
              ColumnDataset {
                "collection": [Circular],
                "column": Object {
                  "name": "column1",
                  "type": "string",
                },
                "columns": Array [],
                "index": undefined,
                "parent": [Circular],
                "readonly": false,
                "subTypes": Array [],
              },
              [Circular],
              ColumnDataset {
                "collection": [Circular],
                "column": Object {
                  "name": "createdAt",
                  "type": "date",
                },
                "columns": Array [],
                "index": undefined,
                "parent": [Circular],
                "readonly": true,
                "subTypes": Array [],
              },
              ColumnDataset {
                "collection": [Circular],
                "column": Object {
                  "name": "updatedAt",
                  "type": "date",
                },
                "columns": Array [],
                "index": undefined,
                "parent": [Circular],
                "readonly": true,
                "subTypes": Array [],
              },
            ],
            "idType": "objectId",
            "indexes": Array [
              IndexDataset {
                "columns": Array [
                  Array [
                    ColumnDataset {
                      "collection": [Circular],
                      "column": Object {
                        "name": "column1",
                        "type": "string",
                      },
                      "columns": Array [],
                      "index": undefined,
                      "parent": [Circular],
                      "readonly": false,
                      "subTypes": Array [],
                    },
                    1,
                  ],
                ],
                "index": Object {
                  "columns": Object {
                    "column1": 1,
                  },
                  "name": "index1",
                  "properties": Object {},
                },
                "name": "index1",
                "parent": [Circular],
                "properties": Object {},
                "readonly": false,
              },
            ],
            "name": "collectionName",
            "parent": [MockFunction],
          },
          "readonly": false,
          "subTypes": Array [],
        },
      },
      Object {
        "checked": false,
        "disabled": false,
        "name": "createdAt",
        "short": "createdAt",
        "value": ColumnDataset {
          "collection": CollectionDataset {
            "columns": Array [
              ColumnDataset {
                "collection": [Circular],
                "column": Object {
                  "name": "_id",
                  "type": "objectId",
                },
                "columns": Array [],
                "index": undefined,
                "parent": [Circular],
                "readonly": true,
                "subTypes": Array [],
              },
              ColumnDataset {
                "collection": [Circular],
                "column": Object {
                  "name": "column1",
                  "type": "string",
                },
                "columns": Array [],
                "index": undefined,
                "parent": [Circular],
                "readonly": false,
                "subTypes": Array [],
              },
              ColumnDataset {
                "collection": [Circular],
                "column": Object {
                  "name": "column2",
                  "type": "string",
                },
                "columns": Array [],
                "index": undefined,
                "parent": [Circular],
                "readonly": false,
                "subTypes": Array [],
              },
              [Circular],
              ColumnDataset {
                "collection": [Circular],
                "column": Object {
                  "name": "updatedAt",
                  "type": "date",
                },
                "columns": Array [],
                "index": undefined,
                "parent": [Circular],
                "readonly": true,
                "subTypes": Array [],
              },
            ],
            "idType": "objectId",
            "indexes": Array [
              IndexDataset {
                "columns": Array [
                  Array [
                    ColumnDataset {
                      "collection": [Circular],
                      "column": Object {
                        "name": "column1",
                        "type": "string",
                      },
                      "columns": Array [],
                      "index": undefined,
                      "parent": [Circular],
                      "readonly": false,
                      "subTypes": Array [],
                    },
                    1,
                  ],
                ],
                "index": Object {
                  "columns": Object {
                    "column1": 1,
                  },
                  "name": "index1",
                  "properties": Object {},
                },
                "name": "index1",
                "parent": [Circular],
                "properties": Object {},
                "readonly": false,
              },
            ],
            "name": "collectionName",
            "parent": [MockFunction],
          },
          "column": Object {
            "name": "createdAt",
            "type": "date",
          },
          "columns": Array [],
          "index": undefined,
          "parent": CollectionDataset {
            "columns": Array [
              ColumnDataset {
                "collection": [Circular],
                "column": Object {
                  "name": "_id",
                  "type": "objectId",
                },
                "columns": Array [],
                "index": undefined,
                "parent": [Circular],
                "readonly": true,
                "subTypes": Array [],
              },
              ColumnDataset {
                "collection": [Circular],
                "column": Object {
                  "name": "column1",
                  "type": "string",
                },
                "columns": Array [],
                "index": undefined,
                "parent": [Circular],
                "readonly": false,
                "subTypes": Array [],
              },
              ColumnDataset {
                "collection": [Circular],
                "column": Object {
                  "name": "column2",
                  "type": "string",
                },
                "columns": Array [],
                "index": undefined,
                "parent": [Circular],
                "readonly": false,
                "subTypes": Array [],
              },
              [Circular],
              ColumnDataset {
                "collection": [Circular],
                "column": Object {
                  "name": "updatedAt",
                  "type": "date",
                },
                "columns": Array [],
                "index": undefined,
                "parent": [Circular],
                "readonly": true,
                "subTypes": Array [],
              },
            ],
            "idType": "objectId",
            "indexes": Array [
              IndexDataset {
                "columns": Array [
                  Array [
                    ColumnDataset {
                      "collection": [Circular],
                      "column": Object {
                        "name": "column1",
                        "type": "string",
                      },
                      "columns": Array [],
                      "index": undefined,
                      "parent": [Circular],
                      "readonly": false,
                      "subTypes": Array [],
                    },
                    1,
                  ],
                ],
                "index": Object {
                  "columns": Object {
                    "column1": 1,
                  },
                  "name": "index1",
                  "properties": Object {},
                },
                "name": "index1",
                "parent": [Circular],
                "properties": Object {},
                "readonly": false,
              },
            ],
            "name": "collectionName",
            "parent": [MockFunction],
          },
          "readonly": true,
          "subTypes": Array [],
        },
      },
      Object {
        "checked": false,
        "disabled": false,
        "name": "updatedAt",
        "short": "updatedAt",
        "value": ColumnDataset {
          "collection": CollectionDataset {
            "columns": Array [
              ColumnDataset {
                "collection": [Circular],
                "column": Object {
                  "name": "_id",
                  "type": "objectId",
                },
                "columns": Array [],
                "index": undefined,
                "parent": [Circular],
                "readonly": true,
                "subTypes": Array [],
              },
              ColumnDataset {
                "collection": [Circular],
                "column": Object {
                  "name": "column1",
                  "type": "string",
                },
                "columns": Array [],
                "index": undefined,
                "parent": [Circular],
                "readonly": false,
                "subTypes": Array [],
              },
              ColumnDataset {
                "collection": [Circular],
                "column": Object {
                  "name": "column2",
                  "type": "string",
                },
                "columns": Array [],
                "index": undefined,
                "parent": [Circular],
                "readonly": false,
                "subTypes": Array [],
              },
              ColumnDataset {
                "collection": [Circular],
                "column": Object {
                  "name": "createdAt",
                  "type": "date",
                },
                "columns": Array [],
                "index": undefined,
                "parent": [Circular],
                "readonly": true,
                "subTypes": Array [],
              },
              [Circular],
            ],
            "idType": "objectId",
            "indexes": Array [
              IndexDataset {
                "columns": Array [
                  Array [
                    ColumnDataset {
                      "collection": [Circular],
                      "column": Object {
                        "name": "column1",
                        "type": "string",
                      },
                      "columns": Array [],
                      "index": undefined,
                      "parent": [Circular],
                      "readonly": false,
                      "subTypes": Array [],
                    },
                    1,
                  ],
                ],
                "index": Object {
                  "columns": Object {
                    "column1": 1,
                  },
                  "name": "index1",
                  "properties": Object {},
                },
                "name": "index1",
                "parent": [Circular],
                "properties": Object {},
                "readonly": false,
              },
            ],
            "name": "collectionName",
            "parent": [MockFunction],
          },
          "column": Object {
            "name": "updatedAt",
            "type": "date",
          },
          "columns": Array [],
          "index": undefined,
          "parent": CollectionDataset {
            "columns": Array [
              ColumnDataset {
                "collection": [Circular],
                "column": Object {
                  "name": "_id",
                  "type": "objectId",
                },
                "columns": Array [],
                "index": undefined,
                "parent": [Circular],
                "readonly": true,
                "subTypes": Array [],
              },
              ColumnDataset {
                "collection": [Circular],
                "column": Object {
                  "name": "column1",
                  "type": "string",
                },
                "columns": Array [],
                "index": undefined,
                "parent": [Circular],
                "readonly": false,
                "subTypes": Array [],
              },
              ColumnDataset {
                "collection": [Circular],
                "column": Object {
                  "name": "column2",
                  "type": "string",
                },
                "columns": Array [],
                "index": undefined,
                "parent": [Circular],
                "readonly": false,
                "subTypes": Array [],
              },
              ColumnDataset {
                "collection": [Circular],
                "column": Object {
                  "name": "createdAt",
                  "type": "date",
                },
                "columns": Array [],
                "index": undefined,
                "parent": [Circular],
                "readonly": true,
                "subTypes": Array [],
              },
              [Circular],
            ],
            "idType": "objectId",
            "indexes": Array [
              IndexDataset {
                "columns": Array [
                  Array [
                    ColumnDataset {
                      "collection": [Circular],
                      "column": Object {
                        "name": "column1",
                        "type": "string",
                      },
                      "columns": Array [],
                      "index": undefined,
                      "parent": [Circular],
                      "readonly": false,
                      "subTypes": Array [],
                    },
                    1,
                  ],
                ],
                "index": Object {
                  "columns": Object {
                    "column1": 1,
                  },
                  "name": "index1",
                  "properties": Object {},
                },
                "name": "index1",
                "parent": [Circular],
                "properties": Object {},
                "readonly": false,
              },
            ],
            "name": "collectionName",
            "parent": [MockFunction],
          },
          "readonly": true,
          "subTypes": Array [],
        },
      },
    ],
    "message": "Choose a columns:",
    "name": "columns",
    "type": "checkbox",
    "when": [Function],
  },
]
`;

exports[`Check the prompts indexMain functions it should be throw an error when call() is called and name is empty 1`] = `
Array [
  Object {
    "default": undefined,
    "message": "Index name:",
    "name": "name",
    "type": "input",
    "validate": [Function],
  },
  Object {
    "choices": Array [
      Object {
        "checked": false,
        "disabled": false,
        "name": "_id",
        "short": "_id",
        "value": ColumnDataset {
          "collection": CollectionDataset {
            "columns": Array [
              [Circular],
              ColumnDataset {
                "collection": [Circular],
                "column": Object {
                  "name": "column1",
                  "type": "string",
                },
                "columns": Array [],
                "index": undefined,
                "parent": [Circular],
                "readonly": false,
                "subTypes": Array [],
              },
              ColumnDataset {
                "collection": [Circular],
                "column": Object {
                  "name": "column2",
                  "type": "string",
                },
                "columns": Array [],
                "index": undefined,
                "parent": [Circular],
                "readonly": false,
                "subTypes": Array [],
              },
              ColumnDataset {
                "collection": [Circular],
                "column": Object {
                  "name": "createdAt",
                  "type": "date",
                },
                "columns": Array [],
                "index": undefined,
                "parent": [Circular],
                "readonly": true,
                "subTypes": Array [],
              },
              ColumnDataset {
                "collection": [Circular],
                "column": Object {
                  "name": "updatedAt",
                  "type": "date",
                },
                "columns": Array [],
                "index": undefined,
                "parent": [Circular],
                "readonly": true,
                "subTypes": Array [],
              },
            ],
            "idType": "objectId",
            "indexes": Array [
              IndexDataset {
                "columns": Array [
                  Array [
                    ColumnDataset {
                      "collection": [Circular],
                      "column": Object {
                        "name": "column1",
                        "type": "string",
                      },
                      "columns": Array [],
                      "index": undefined,
                      "parent": [Circular],
                      "readonly": false,
                      "subTypes": Array [],
                    },
                    1,
                  ],
                ],
                "index": Object {
                  "columns": Object {
                    "column1": 1,
                  },
                  "name": "index1",
                  "properties": Object {},
                },
                "name": "index1",
                "parent": [Circular],
                "properties": Object {},
                "readonly": false,
              },
            ],
            "name": "collectionName",
            "parent": [MockFunction],
          },
          "column": Object {
            "name": "_id",
            "type": "objectId",
          },
          "columns": Array [],
          "index": undefined,
          "parent": CollectionDataset {
            "columns": Array [
              [Circular],
              ColumnDataset {
                "collection": [Circular],
                "column": Object {
                  "name": "column1",
                  "type": "string",
                },
                "columns": Array [],
                "index": undefined,
                "parent": [Circular],
                "readonly": false,
                "subTypes": Array [],
              },
              ColumnDataset {
                "collection": [Circular],
                "column": Object {
                  "name": "column2",
                  "type": "string",
                },
                "columns": Array [],
                "index": undefined,
                "parent": [Circular],
                "readonly": false,
                "subTypes": Array [],
              },
              ColumnDataset {
                "collection": [Circular],
                "column": Object {
                  "name": "createdAt",
                  "type": "date",
                },
                "columns": Array [],
                "index": undefined,
                "parent": [Circular],
                "readonly": true,
                "subTypes": Array [],
              },
              ColumnDataset {
                "collection": [Circular],
                "column": Object {
                  "name": "updatedAt",
                  "type": "date",
                },
                "columns": Array [],
                "index": undefined,
                "parent": [Circular],
                "readonly": true,
                "subTypes": Array [],
              },
            ],
            "idType": "objectId",
            "indexes": Array [
              IndexDataset {
                "columns": Array [
                  Array [
                    ColumnDataset {
                      "collection": [Circular],
                      "column": Object {
                        "name": "column1",
                        "type": "string",
                      },
                      "columns": Array [],
                      "index": undefined,
                      "parent": [Circular],
                      "readonly": false,
                      "subTypes": Array [],
                    },
                    1,
                  ],
                ],
                "index": Object {
                  "columns": Object {
                    "column1": 1,
                  },
                  "name": "index1",
                  "properties": Object {},
                },
                "name": "index1",
                "parent": [Circular],
                "properties": Object {},
                "readonly": false,
              },
            ],
            "name": "collectionName",
            "parent": [MockFunction],
          },
          "readonly": true,
          "subTypes": Array [],
        },
      },
      Object {
        "checked": false,
        "disabled": false,
        "name": "column1",
        "short": "column1",
        "value": ColumnDataset {
          "collection": CollectionDataset {
            "columns": Array [
              ColumnDataset {
                "collection": [Circular],
                "column": Object {
                  "name": "_id",
                  "type": "objectId",
                },
                "columns": Array [],
                "index": undefined,
                "parent": [Circular],
                "readonly": true,
                "subTypes": Array [],
              },
              [Circular],
              ColumnDataset {
                "collection": [Circular],
                "column": Object {
                  "name": "column2",
                  "type": "string",
                },
                "columns": Array [],
                "index": undefined,
                "parent": [Circular],
                "readonly": false,
                "subTypes": Array [],
              },
              ColumnDataset {
                "collection": [Circular],
                "column": Object {
                  "name": "createdAt",
                  "type": "date",
                },
                "columns": Array [],
                "index": undefined,
                "parent": [Circular],
                "readonly": true,
                "subTypes": Array [],
              },
              ColumnDataset {
                "collection": [Circular],
                "column": Object {
                  "name": "updatedAt",
                  "type": "date",
                },
                "columns": Array [],
                "index": undefined,
                "parent": [Circular],
                "readonly": true,
                "subTypes": Array [],
              },
            ],
            "idType": "objectId",
            "indexes": Array [
              IndexDataset {
                "columns": Array [
                  Array [
                    [Circular],
                    1,
                  ],
                ],
                "index": Object {
                  "columns": Object {
                    "column1": 1,
                  },
                  "name": "index1",
                  "properties": Object {},
                },
                "name": "index1",
                "parent": [Circular],
                "properties": Object {},
                "readonly": false,
              },
            ],
            "name": "collectionName",
            "parent": [MockFunction],
          },
          "column": Object {
            "name": "column1",
            "type": "string",
          },
          "columns": Array [],
          "index": undefined,
          "parent": CollectionDataset {
            "columns": Array [
              ColumnDataset {
                "collection": [Circular],
                "column": Object {
                  "name": "_id",
                  "type": "objectId",
                },
                "columns": Array [],
                "index": undefined,
                "parent": [Circular],
                "readonly": true,
                "subTypes": Array [],
              },
              [Circular],
              ColumnDataset {
                "collection": [Circular],
                "column": Object {
                  "name": "column2",
                  "type": "string",
                },
                "columns": Array [],
                "index": undefined,
                "parent": [Circular],
                "readonly": false,
                "subTypes": Array [],
              },
              ColumnDataset {
                "collection": [Circular],
                "column": Object {
                  "name": "createdAt",
                  "type": "date",
                },
                "columns": Array [],
                "index": undefined,
                "parent": [Circular],
                "readonly": true,
                "subTypes": Array [],
              },
              ColumnDataset {
                "collection": [Circular],
                "column": Object {
                  "name": "updatedAt",
                  "type": "date",
                },
                "columns": Array [],
                "index": undefined,
                "parent": [Circular],
                "readonly": true,
                "subTypes": Array [],
              },
            ],
            "idType": "objectId",
            "indexes": Array [
              IndexDataset {
                "columns": Array [
                  Array [
                    [Circular],
                    1,
                  ],
                ],
                "index": Object {
                  "columns": Object {
                    "column1": 1,
                  },
                  "name": "index1",
                  "properties": Object {},
                },
                "name": "index1",
                "parent": [Circular],
                "properties": Object {},
                "readonly": false,
              },
            ],
            "name": "collectionName",
            "parent": [MockFunction],
          },
          "readonly": false,
          "subTypes": Array [],
        },
      },
      Object {
        "checked": false,
        "disabled": false,
        "name": "column2",
        "short": "column2",
        "value": ColumnDataset {
          "collection": CollectionDataset {
            "columns": Array [
              ColumnDataset {
                "collection": [Circular],
                "column": Object {
                  "name": "_id",
                  "type": "objectId",
                },
                "columns": Array [],
                "index": undefined,
                "parent": [Circular],
                "readonly": true,
                "subTypes": Array [],
              },
              ColumnDataset {
                "collection": [Circular],
                "column": Object {
                  "name": "column1",
                  "type": "string",
                },
                "columns": Array [],
                "index": undefined,
                "parent": [Circular],
                "readonly": false,
                "subTypes": Array [],
              },
              [Circular],
              ColumnDataset {
                "collection": [Circular],
                "column": Object {
                  "name": "createdAt",
                  "type": "date",
                },
                "columns": Array [],
                "index": undefined,
                "parent": [Circular],
                "readonly": true,
                "subTypes": Array [],
              },
              ColumnDataset {
                "collection": [Circular],
                "column": Object {
                  "name": "updatedAt",
                  "type": "date",
                },
                "columns": Array [],
                "index": undefined,
                "parent": [Circular],
                "readonly": true,
                "subTypes": Array [],
              },
            ],
            "idType": "objectId",
            "indexes": Array [
              IndexDataset {
                "columns": Array [
                  Array [
                    ColumnDataset {
                      "collection": [Circular],
                      "column": Object {
                        "name": "column1",
                        "type": "string",
                      },
                      "columns": Array [],
                      "index": undefined,
                      "parent": [Circular],
                      "readonly": false,
                      "subTypes": Array [],
                    },
                    1,
                  ],
                ],
                "index": Object {
                  "columns": Object {
                    "column1": 1,
                  },
                  "name": "index1",
                  "properties": Object {},
                },
                "name": "index1",
                "parent": [Circular],
                "properties": Object {},
                "readonly": false,
              },
            ],
            "name": "collectionName",
            "parent": [MockFunction],
          },
          "column": Object {
            "name": "column2",
            "type": "string",
          },
          "columns": Array [],
          "index": undefined,
          "parent": CollectionDataset {
            "columns": Array [
              ColumnDataset {
                "collection": [Circular],
                "column": Object {
                  "name": "_id",
                  "type": "objectId",
                },
                "columns": Array [],
                "index": undefined,
                "parent": [Circular],
                "readonly": true,
                "subTypes": Array [],
              },
              ColumnDataset {
                "collection": [Circular],
                "column": Object {
                  "name": "column1",
                  "type": "string",
                },
                "columns": Array [],
                "index": undefined,
                "parent": [Circular],
                "readonly": false,
                "subTypes": Array [],
              },
              [Circular],
              ColumnDataset {
                "collection": [Circular],
                "column": Object {
                  "name": "createdAt",
                  "type": "date",
                },
                "columns": Array [],
                "index": undefined,
                "parent": [Circular],
                "readonly": true,
                "subTypes": Array [],
              },
              ColumnDataset {
                "collection": [Circular],
                "column": Object {
                  "name": "updatedAt",
                  "type": "date",
                },
                "columns": Array [],
                "index": undefined,
                "parent": [Circular],
                "readonly": true,
                "subTypes": Array [],
              },
            ],
            "idType": "objectId",
            "indexes": Array [
              IndexDataset {
                "columns": Array [
                  Array [
                    ColumnDataset {
                      "collection": [Circular],
                      "column": Object {
                        "name": "column1",
                        "type": "string",
                      },
                      "columns": Array [],
                      "index": undefined,
                      "parent": [Circular],
                      "readonly": false,
                      "subTypes": Array [],
                    },
                    1,
                  ],
                ],
                "index": Object {
                  "columns": Object {
                    "column1": 1,
                  },
                  "name": "index1",
                  "properties": Object {},
                },
                "name": "index1",
                "parent": [Circular],
                "properties": Object {},
                "readonly": false,
              },
            ],
            "name": "collectionName",
            "parent": [MockFunction],
          },
          "readonly": false,
          "subTypes": Array [],
        },
      },
      Object {
        "checked": false,
        "disabled": false,
        "name": "createdAt",
        "short": "createdAt",
        "value": ColumnDataset {
          "collection": CollectionDataset {
            "columns": Array [
              ColumnDataset {
                "collection": [Circular],
                "column": Object {
                  "name": "_id",
                  "type": "objectId",
                },
                "columns": Array [],
                "index": undefined,
                "parent": [Circular],
                "readonly": true,
                "subTypes": Array [],
              },
              ColumnDataset {
                "collection": [Circular],
                "column": Object {
                  "name": "column1",
                  "type": "string",
                },
                "columns": Array [],
                "index": undefined,
                "parent": [Circular],
                "readonly": false,
                "subTypes": Array [],
              },
              ColumnDataset {
                "collection": [Circular],
                "column": Object {
                  "name": "column2",
                  "type": "string",
                },
                "columns": Array [],
                "index": undefined,
                "parent": [Circular],
                "readonly": false,
                "subTypes": Array [],
              },
              [Circular],
              ColumnDataset {
                "collection": [Circular],
                "column": Object {
                  "name": "updatedAt",
                  "type": "date",
                },
                "columns": Array [],
                "index": undefined,
                "parent": [Circular],
                "readonly": true,
                "subTypes": Array [],
              },
            ],
            "idType": "objectId",
            "indexes": Array [
              IndexDataset {
                "columns": Array [
                  Array [
                    ColumnDataset {
                      "collection": [Circular],
                      "column": Object {
                        "name": "column1",
                        "type": "string",
                      },
                      "columns": Array [],
                      "index": undefined,
                      "parent": [Circular],
                      "readonly": false,
                      "subTypes": Array [],
                    },
                    1,
                  ],
                ],
                "index": Object {
                  "columns": Object {
                    "column1": 1,
                  },
                  "name": "index1",
                  "properties": Object {},
                },
                "name": "index1",
                "parent": [Circular],
                "properties": Object {},
                "readonly": false,
              },
            ],
            "name": "collectionName",
            "parent": [MockFunction],
          },
          "column": Object {
            "name": "createdAt",
            "type": "date",
          },
          "columns": Array [],
          "index": undefined,
          "parent": CollectionDataset {
            "columns": Array [
              ColumnDataset {
                "collection": [Circular],
                "column": Object {
                  "name": "_id",
                  "type": "objectId",
                },
                "columns": Array [],
                "index": undefined,
                "parent": [Circular],
                "readonly": true,
                "subTypes": Array [],
              },
              ColumnDataset {
                "collection": [Circular],
                "column": Object {
                  "name": "column1",
                  "type": "string",
                },
                "columns": Array [],
                "index": undefined,
                "parent": [Circular],
                "readonly": false,
                "subTypes": Array [],
              },
              ColumnDataset {
                "collection": [Circular],
                "column": Object {
                  "name": "column2",
                  "type": "string",
                },
                "columns": Array [],
                "index": undefined,
                "parent": [Circular],
                "readonly": false,
                "subTypes": Array [],
              },
              [Circular],
              ColumnDataset {
                "collection": [Circular],
                "column": Object {
                  "name": "updatedAt",
                  "type": "date",
                },
                "columns": Array [],
                "index": undefined,
                "parent": [Circular],
                "readonly": true,
                "subTypes": Array [],
              },
            ],
            "idType": "objectId",
            "indexes": Array [
              IndexDataset {
                "columns": Array [
                  Array [
                    ColumnDataset {
                      "collection": [Circular],
                      "column": Object {
                        "name": "column1",
                        "type": "string",
                      },
                      "columns": Array [],
                      "index": undefined,
                      "parent": [Circular],
                      "readonly": false,
                      "subTypes": Array [],
                    },
                    1,
                  ],
                ],
                "index": Object {
                  "columns": Object {
                    "column1": 1,
                  },
                  "name": "index1",
                  "properties": Object {},
                },
                "name": "index1",
                "parent": [Circular],
                "properties": Object {},
                "readonly": false,
              },
            ],
            "name": "collectionName",
            "parent": [MockFunction],
          },
          "readonly": true,
          "subTypes": Array [],
        },
      },
      Object {
        "checked": false,
        "disabled": false,
        "name": "updatedAt",
        "short": "updatedAt",
        "value": ColumnDataset {
          "collection": CollectionDataset {
            "columns": Array [
              ColumnDataset {
                "collection": [Circular],
                "column": Object {
                  "name": "_id",
                  "type": "objectId",
                },
                "columns": Array [],
                "index": undefined,
                "parent": [Circular],
                "readonly": true,
                "subTypes": Array [],
              },
              ColumnDataset {
                "collection": [Circular],
                "column": Object {
                  "name": "column1",
                  "type": "string",
                },
                "columns": Array [],
                "index": undefined,
                "parent": [Circular],
                "readonly": false,
                "subTypes": Array [],
              },
              ColumnDataset {
                "collection": [Circular],
                "column": Object {
                  "name": "column2",
                  "type": "string",
                },
                "columns": Array [],
                "index": undefined,
                "parent": [Circular],
                "readonly": false,
                "subTypes": Array [],
              },
              ColumnDataset {
                "collection": [Circular],
                "column": Object {
                  "name": "createdAt",
                  "type": "date",
                },
                "columns": Array [],
                "index": undefined,
                "parent": [Circular],
                "readonly": true,
                "subTypes": Array [],
              },
              [Circular],
            ],
            "idType": "objectId",
            "indexes": Array [
              IndexDataset {
                "columns": Array [
                  Array [
                    ColumnDataset {
                      "collection": [Circular],
                      "column": Object {
                        "name": "column1",
                        "type": "string",
                      },
                      "columns": Array [],
                      "index": undefined,
                      "parent": [Circular],
                      "readonly": false,
                      "subTypes": Array [],
                    },
                    1,
                  ],
                ],
                "index": Object {
                  "columns": Object {
                    "column1": 1,
                  },
                  "name": "index1",
                  "properties": Object {},
                },
                "name": "index1",
                "parent": [Circular],
                "properties": Object {},
                "readonly": false,
              },
            ],
            "name": "collectionName",
            "parent": [MockFunction],
          },
          "column": Object {
            "name": "updatedAt",
            "type": "date",
          },
          "columns": Array [],
          "index": undefined,
          "parent": CollectionDataset {
            "columns": Array [
              ColumnDataset {
                "collection": [Circular],
                "column": Object {
                  "name": "_id",
                  "type": "objectId",
                },
                "columns": Array [],
                "index": undefined,
                "parent": [Circular],
                "readonly": true,
                "subTypes": Array [],
              },
              ColumnDataset {
                "collection": [Circular],
                "column": Object {
                  "name": "column1",
                  "type": "string",
                },
                "columns": Array [],
                "index": undefined,
                "parent": [Circular],
                "readonly": false,
                "subTypes": Array [],
              },
              ColumnDataset {
                "collection": [Circular],
                "column": Object {
                  "name": "column2",
                  "type": "string",
                },
                "columns": Array [],
                "index": undefined,
                "parent": [Circular],
                "readonly": false,
                "subTypes": Array [],
              },
              ColumnDataset {
                "collection": [Circular],
                "column": Object {
                  "name": "createdAt",
                  "type": "date",
                },
                "columns": Array [],
                "index": undefined,
                "parent": [Circular],
                "readonly": true,
                "subTypes": Array [],
              },
              [Circular],
            ],
            "idType": "objectId",
            "indexes": Array [
              IndexDataset {
                "columns": Array [
                  Array [
                    ColumnDataset {
                      "collection": [Circular],
                      "column": Object {
                        "name": "column1",
                        "type": "string",
                      },
                      "columns": Array [],
                      "index": undefined,
                      "parent": [Circular],
                      "readonly": false,
                      "subTypes": Array [],
                    },
                    1,
                  ],
                ],
                "index": Object {
                  "columns": Object {
                    "column1": 1,
                  },
                  "name": "index1",
                  "properties": Object {},
                },
                "name": "index1",
                "parent": [Circular],
                "properties": Object {},
                "readonly": false,
              },
            ],
            "name": "collectionName",
            "parent": [MockFunction],
          },
          "readonly": true,
          "subTypes": Array [],
        },
      },
    ],
    "message": "Choose a columns:",
    "name": "columns",
    "type": "checkbox",
    "when": [Function],
  },
]
`;

exports[`Check the prompts indexMain functions it should be throw an error when call() is called and without columns 1`] = `
Array [
  Object {
    "default": undefined,
    "message": "Index name:",
    "name": "name",
    "type": "input",
    "validate": [Function],
  },
  Object {
    "choices": Array [
      Object {
        "checked": false,
        "disabled": false,
        "name": "_id",
        "short": "_id",
        "value": ColumnDataset {
          "collection": CollectionDataset {
            "columns": Array [
              [Circular],
              ColumnDataset {
                "collection": [Circular],
                "column": Object {
                  "name": "column1",
                  "type": "string",
                },
                "columns": Array [],
                "index": undefined,
                "parent": [Circular],
                "readonly": false,
                "subTypes": Array [],
              },
              ColumnDataset {
                "collection": [Circular],
                "column": Object {
                  "name": "column2",
                  "type": "string",
                },
                "columns": Array [],
                "index": undefined,
                "parent": [Circular],
                "readonly": false,
                "subTypes": Array [],
              },
              ColumnDataset {
                "collection": [Circular],
                "column": Object {
                  "name": "createdAt",
                  "type": "date",
                },
                "columns": Array [],
                "index": undefined,
                "parent": [Circular],
                "readonly": true,
                "subTypes": Array [],
              },
              ColumnDataset {
                "collection": [Circular],
                "column": Object {
                  "name": "updatedAt",
                  "type": "date",
                },
                "columns": Array [],
                "index": undefined,
                "parent": [Circular],
                "readonly": true,
                "subTypes": Array [],
              },
            ],
            "idType": "objectId",
            "indexes": Array [
              IndexDataset {
                "columns": Array [
                  Array [
                    ColumnDataset {
                      "collection": [Circular],
                      "column": Object {
                        "name": "column1",
                        "type": "string",
                      },
                      "columns": Array [],
                      "index": undefined,
                      "parent": [Circular],
                      "readonly": false,
                      "subTypes": Array [],
                    },
                    1,
                  ],
                ],
                "index": Object {
                  "columns": Object {
                    "column1": 1,
                  },
                  "name": "index1",
                  "properties": Object {},
                },
                "name": "index1",
                "parent": [Circular],
                "properties": Object {},
                "readonly": false,
              },
            ],
            "name": "collectionName",
            "parent": [MockFunction],
          },
          "column": Object {
            "name": "_id",
            "type": "objectId",
          },
          "columns": Array [],
          "index": undefined,
          "parent": CollectionDataset {
            "columns": Array [
              [Circular],
              ColumnDataset {
                "collection": [Circular],
                "column": Object {
                  "name": "column1",
                  "type": "string",
                },
                "columns": Array [],
                "index": undefined,
                "parent": [Circular],
                "readonly": false,
                "subTypes": Array [],
              },
              ColumnDataset {
                "collection": [Circular],
                "column": Object {
                  "name": "column2",
                  "type": "string",
                },
                "columns": Array [],
                "index": undefined,
                "parent": [Circular],
                "readonly": false,
                "subTypes": Array [],
              },
              ColumnDataset {
                "collection": [Circular],
                "column": Object {
                  "name": "createdAt",
                  "type": "date",
                },
                "columns": Array [],
                "index": undefined,
                "parent": [Circular],
                "readonly": true,
                "subTypes": Array [],
              },
              ColumnDataset {
                "collection": [Circular],
                "column": Object {
                  "name": "updatedAt",
                  "type": "date",
                },
                "columns": Array [],
                "index": undefined,
                "parent": [Circular],
                "readonly": true,
                "subTypes": Array [],
              },
            ],
            "idType": "objectId",
            "indexes": Array [
              IndexDataset {
                "columns": Array [
                  Array [
                    ColumnDataset {
                      "collection": [Circular],
                      "column": Object {
                        "name": "column1",
                        "type": "string",
                      },
                      "columns": Array [],
                      "index": undefined,
                      "parent": [Circular],
                      "readonly": false,
                      "subTypes": Array [],
                    },
                    1,
                  ],
                ],
                "index": Object {
                  "columns": Object {
                    "column1": 1,
                  },
                  "name": "index1",
                  "properties": Object {},
                },
                "name": "index1",
                "parent": [Circular],
                "properties": Object {},
                "readonly": false,
              },
            ],
            "name": "collectionName",
            "parent": [MockFunction],
          },
          "readonly": true,
          "subTypes": Array [],
        },
      },
      Object {
        "checked": false,
        "disabled": false,
        "name": "column1",
        "short": "column1",
        "value": ColumnDataset {
          "collection": CollectionDataset {
            "columns": Array [
              ColumnDataset {
                "collection": [Circular],
                "column": Object {
                  "name": "_id",
                  "type": "objectId",
                },
                "columns": Array [],
                "index": undefined,
                "parent": [Circular],
                "readonly": true,
                "subTypes": Array [],
              },
              [Circular],
              ColumnDataset {
                "collection": [Circular],
                "column": Object {
                  "name": "column2",
                  "type": "string",
                },
                "columns": Array [],
                "index": undefined,
                "parent": [Circular],
                "readonly": false,
                "subTypes": Array [],
              },
              ColumnDataset {
                "collection": [Circular],
                "column": Object {
                  "name": "createdAt",
                  "type": "date",
                },
                "columns": Array [],
                "index": undefined,
                "parent": [Circular],
                "readonly": true,
                "subTypes": Array [],
              },
              ColumnDataset {
                "collection": [Circular],
                "column": Object {
                  "name": "updatedAt",
                  "type": "date",
                },
                "columns": Array [],
                "index": undefined,
                "parent": [Circular],
                "readonly": true,
                "subTypes": Array [],
              },
            ],
            "idType": "objectId",
            "indexes": Array [
              IndexDataset {
                "columns": Array [
                  Array [
                    [Circular],
                    1,
                  ],
                ],
                "index": Object {
                  "columns": Object {
                    "column1": 1,
                  },
                  "name": "index1",
                  "properties": Object {},
                },
                "name": "index1",
                "parent": [Circular],
                "properties": Object {},
                "readonly": false,
              },
            ],
            "name": "collectionName",
            "parent": [MockFunction],
          },
          "column": Object {
            "name": "column1",
            "type": "string",
          },
          "columns": Array [],
          "index": undefined,
          "parent": CollectionDataset {
            "columns": Array [
              ColumnDataset {
                "collection": [Circular],
                "column": Object {
                  "name": "_id",
                  "type": "objectId",
                },
                "columns": Array [],
                "index": undefined,
                "parent": [Circular],
                "readonly": true,
                "subTypes": Array [],
              },
              [Circular],
              ColumnDataset {
                "collection": [Circular],
                "column": Object {
                  "name": "column2",
                  "type": "string",
                },
                "columns": Array [],
                "index": undefined,
                "parent": [Circular],
                "readonly": false,
                "subTypes": Array [],
              },
              ColumnDataset {
                "collection": [Circular],
                "column": Object {
                  "name": "createdAt",
                  "type": "date",
                },
                "columns": Array [],
                "index": undefined,
                "parent": [Circular],
                "readonly": true,
                "subTypes": Array [],
              },
              ColumnDataset {
                "collection": [Circular],
                "column": Object {
                  "name": "updatedAt",
                  "type": "date",
                },
                "columns": Array [],
                "index": undefined,
                "parent": [Circular],
                "readonly": true,
                "subTypes": Array [],
              },
            ],
            "idType": "objectId",
            "indexes": Array [
              IndexDataset {
                "columns": Array [
                  Array [
                    [Circular],
                    1,
                  ],
                ],
                "index": Object {
                  "columns": Object {
                    "column1": 1,
                  },
                  "name": "index1",
                  "properties": Object {},
                },
                "name": "index1",
                "parent": [Circular],
                "properties": Object {},
                "readonly": false,
              },
            ],
            "name": "collectionName",
            "parent": [MockFunction],
          },
          "readonly": false,
          "subTypes": Array [],
        },
      },
      Object {
        "checked": false,
        "disabled": false,
        "name": "column2",
        "short": "column2",
        "value": ColumnDataset {
          "collection": CollectionDataset {
            "columns": Array [
              ColumnDataset {
                "collection": [Circular],
                "column": Object {
                  "name": "_id",
                  "type": "objectId",
                },
                "columns": Array [],
                "index": undefined,
                "parent": [Circular],
                "readonly": true,
                "subTypes": Array [],
              },
              ColumnDataset {
                "collection": [Circular],
                "column": Object {
                  "name": "column1",
                  "type": "string",
                },
                "columns": Array [],
                "index": undefined,
                "parent": [Circular],
                "readonly": false,
                "subTypes": Array [],
              },
              [Circular],
              ColumnDataset {
                "collection": [Circular],
                "column": Object {
                  "name": "createdAt",
                  "type": "date",
                },
                "columns": Array [],
                "index": undefined,
                "parent": [Circular],
                "readonly": true,
                "subTypes": Array [],
              },
              ColumnDataset {
                "collection": [Circular],
                "column": Object {
                  "name": "updatedAt",
                  "type": "date",
                },
                "columns": Array [],
                "index": undefined,
                "parent": [Circular],
                "readonly": true,
                "subTypes": Array [],
              },
            ],
            "idType": "objectId",
            "indexes": Array [
              IndexDataset {
                "columns": Array [
                  Array [
                    ColumnDataset {
                      "collection": [Circular],
                      "column": Object {
                        "name": "column1",
                        "type": "string",
                      },
                      "columns": Array [],
                      "index": undefined,
                      "parent": [Circular],
                      "readonly": false,
                      "subTypes": Array [],
                    },
                    1,
                  ],
                ],
                "index": Object {
                  "columns": Object {
                    "column1": 1,
                  },
                  "name": "index1",
                  "properties": Object {},
                },
                "name": "index1",
                "parent": [Circular],
                "properties": Object {},
                "readonly": false,
              },
            ],
            "name": "collectionName",
            "parent": [MockFunction],
          },
          "column": Object {
            "name": "column2",
            "type": "string",
          },
          "columns": Array [],
          "index": undefined,
          "parent": CollectionDataset {
            "columns": Array [
              ColumnDataset {
                "collection": [Circular],
                "column": Object {
                  "name": "_id",
                  "type": "objectId",
                },
                "columns": Array [],
                "index": undefined,
                "parent": [Circular],
                "readonly": true,
                "subTypes": Array [],
              },
              ColumnDataset {
                "collection": [Circular],
                "column": Object {
                  "name": "column1",
                  "type": "string",
                },
                "columns": Array [],
                "index": undefined,
                "parent": [Circular],
                "readonly": false,
                "subTypes": Array [],
              },
              [Circular],
              ColumnDataset {
                "collection": [Circular],
                "column": Object {
                  "name": "createdAt",
                  "type": "date",
                },
                "columns": Array [],
                "index": undefined,
                "parent": [Circular],
                "readonly": true,
                "subTypes": Array [],
              },
              ColumnDataset {
                "collection": [Circular],
                "column": Object {
                  "name": "updatedAt",
                  "type": "date",
                },
                "columns": Array [],
                "index": undefined,
                "parent": [Circular],
                "readonly": true,
                "subTypes": Array [],
              },
            ],
            "idType": "objectId",
            "indexes": Array [
              IndexDataset {
                "columns": Array [
                  Array [
                    ColumnDataset {
                      "collection": [Circular],
                      "column": Object {
                        "name": "column1",
                        "type": "string",
                      },
                      "columns": Array [],
                      "index": undefined,
                      "parent": [Circular],
                      "readonly": false,
                      "subTypes": Array [],
                    },
                    1,
                  ],
                ],
                "index": Object {
                  "columns": Object {
                    "column1": 1,
                  },
                  "name": "index1",
                  "properties": Object {},
                },
                "name": "index1",
                "parent": [Circular],
                "properties": Object {},
                "readonly": false,
              },
            ],
            "name": "collectionName",
            "parent": [MockFunction],
          },
          "readonly": false,
          "subTypes": Array [],
        },
      },
      Object {
        "checked": false,
        "disabled": false,
        "name": "createdAt",
        "short": "createdAt",
        "value": ColumnDataset {
          "collection": CollectionDataset {
            "columns": Array [
              ColumnDataset {
                "collection": [Circular],
                "column": Object {
                  "name": "_id",
                  "type": "objectId",
                },
                "columns": Array [],
                "index": undefined,
                "parent": [Circular],
                "readonly": true,
                "subTypes": Array [],
              },
              ColumnDataset {
                "collection": [Circular],
                "column": Object {
                  "name": "column1",
                  "type": "string",
                },
                "columns": Array [],
                "index": undefined,
                "parent": [Circular],
                "readonly": false,
                "subTypes": Array [],
              },
              ColumnDataset {
                "collection": [Circular],
                "column": Object {
                  "name": "column2",
                  "type": "string",
                },
                "columns": Array [],
                "index": undefined,
                "parent": [Circular],
                "readonly": false,
                "subTypes": Array [],
              },
              [Circular],
              ColumnDataset {
                "collection": [Circular],
                "column": Object {
                  "name": "updatedAt",
                  "type": "date",
                },
                "columns": Array [],
                "index": undefined,
                "parent": [Circular],
                "readonly": true,
                "subTypes": Array [],
              },
            ],
            "idType": "objectId",
            "indexes": Array [
              IndexDataset {
                "columns": Array [
                  Array [
                    ColumnDataset {
                      "collection": [Circular],
                      "column": Object {
                        "name": "column1",
                        "type": "string",
                      },
                      "columns": Array [],
                      "index": undefined,
                      "parent": [Circular],
                      "readonly": false,
                      "subTypes": Array [],
                    },
                    1,
                  ],
                ],
                "index": Object {
                  "columns": Object {
                    "column1": 1,
                  },
                  "name": "index1",
                  "properties": Object {},
                },
                "name": "index1",
                "parent": [Circular],
                "properties": Object {},
                "readonly": false,
              },
            ],
            "name": "collectionName",
            "parent": [MockFunction],
          },
          "column": Object {
            "name": "createdAt",
            "type": "date",
          },
          "columns": Array [],
          "index": undefined,
          "parent": CollectionDataset {
            "columns": Array [
              ColumnDataset {
                "collection": [Circular],
                "column": Object {
                  "name": "_id",
                  "type": "objectId",
                },
                "columns": Array [],
                "index": undefined,
                "parent": [Circular],
                "readonly": true,
                "subTypes": Array [],
              },
              ColumnDataset {
                "collection": [Circular],
                "column": Object {
                  "name": "column1",
                  "type": "string",
                },
                "columns": Array [],
                "index": undefined,
                "parent": [Circular],
                "readonly": false,
                "subTypes": Array [],
              },
              ColumnDataset {
                "collection": [Circular],
                "column": Object {
                  "name": "column2",
                  "type": "string",
                },
                "columns": Array [],
                "index": undefined,
                "parent": [Circular],
                "readonly": false,
                "subTypes": Array [],
              },
              [Circular],
              ColumnDataset {
                "collection": [Circular],
                "column": Object {
                  "name": "updatedAt",
                  "type": "date",
                },
                "columns": Array [],
                "index": undefined,
                "parent": [Circular],
                "readonly": true,
                "subTypes": Array [],
              },
            ],
            "idType": "objectId",
            "indexes": Array [
              IndexDataset {
                "columns": Array [
                  Array [
                    ColumnDataset {
                      "collection": [Circular],
                      "column": Object {
                        "name": "column1",
                        "type": "string",
                      },
                      "columns": Array [],
                      "index": undefined,
                      "parent": [Circular],
                      "readonly": false,
                      "subTypes": Array [],
                    },
                    1,
                  ],
                ],
                "index": Object {
                  "columns": Object {
                    "column1": 1,
                  },
                  "name": "index1",
                  "properties": Object {},
                },
                "name": "index1",
                "parent": [Circular],
                "properties": Object {},
                "readonly": false,
              },
            ],
            "name": "collectionName",
            "parent": [MockFunction],
          },
          "readonly": true,
          "subTypes": Array [],
        },
      },
      Object {
        "checked": false,
        "disabled": false,
        "name": "updatedAt",
        "short": "updatedAt",
        "value": ColumnDataset {
          "collection": CollectionDataset {
            "columns": Array [
              ColumnDataset {
                "collection": [Circular],
                "column": Object {
                  "name": "_id",
                  "type": "objectId",
                },
                "columns": Array [],
                "index": undefined,
                "parent": [Circular],
                "readonly": true,
                "subTypes": Array [],
              },
              ColumnDataset {
                "collection": [Circular],
                "column": Object {
                  "name": "column1",
                  "type": "string",
                },
                "columns": Array [],
                "index": undefined,
                "parent": [Circular],
                "readonly": false,
                "subTypes": Array [],
              },
              ColumnDataset {
                "collection": [Circular],
                "column": Object {
                  "name": "column2",
                  "type": "string",
                },
                "columns": Array [],
                "index": undefined,
                "parent": [Circular],
                "readonly": false,
                "subTypes": Array [],
              },
              ColumnDataset {
                "collection": [Circular],
                "column": Object {
                  "name": "createdAt",
                  "type": "date",
                },
                "columns": Array [],
                "index": undefined,
                "parent": [Circular],
                "readonly": true,
                "subTypes": Array [],
              },
              [Circular],
            ],
            "idType": "objectId",
            "indexes": Array [
              IndexDataset {
                "columns": Array [
                  Array [
                    ColumnDataset {
                      "collection": [Circular],
                      "column": Object {
                        "name": "column1",
                        "type": "string",
                      },
                      "columns": Array [],
                      "index": undefined,
                      "parent": [Circular],
                      "readonly": false,
                      "subTypes": Array [],
                    },
                    1,
                  ],
                ],
                "index": Object {
                  "columns": Object {
                    "column1": 1,
                  },
                  "name": "index1",
                  "properties": Object {},
                },
                "name": "index1",
                "parent": [Circular],
                "properties": Object {},
                "readonly": false,
              },
            ],
            "name": "collectionName",
            "parent": [MockFunction],
          },
          "column": Object {
            "name": "updatedAt",
            "type": "date",
          },
          "columns": Array [],
          "index": undefined,
          "parent": CollectionDataset {
            "columns": Array [
              ColumnDataset {
                "collection": [Circular],
                "column": Object {
                  "name": "_id",
                  "type": "objectId",
                },
                "columns": Array [],
                "index": undefined,
                "parent": [Circular],
                "readonly": true,
                "subTypes": Array [],
              },
              ColumnDataset {
                "collection": [Circular],
                "column": Object {
                  "name": "column1",
                  "type": "string",
                },
                "columns": Array [],
                "index": undefined,
                "parent": [Circular],
                "readonly": false,
                "subTypes": Array [],
              },
              ColumnDataset {
                "collection": [Circular],
                "column": Object {
                  "name": "column2",
                  "type": "string",
                },
                "columns": Array [],
                "index": undefined,
                "parent": [Circular],
                "readonly": false,
                "subTypes": Array [],
              },
              ColumnDataset {
                "collection": [Circular],
                "column": Object {
                  "name": "createdAt",
                  "type": "date",
                },
                "columns": Array [],
                "index": undefined,
                "parent": [Circular],
                "readonly": true,
                "subTypes": Array [],
              },
              [Circular],
            ],
            "idType": "objectId",
            "indexes": Array [
              IndexDataset {
                "columns": Array [
                  Array [
                    ColumnDataset {
                      "collection": [Circular],
                      "column": Object {
                        "name": "column1",
                        "type": "string",
                      },
                      "columns": Array [],
                      "index": undefined,
                      "parent": [Circular],
                      "readonly": false,
                      "subTypes": Array [],
                    },
                    1,
                  ],
                ],
                "index": Object {
                  "columns": Object {
                    "column1": 1,
                  },
                  "name": "index1",
                  "properties": Object {},
                },
                "name": "index1",
                "parent": [Circular],
                "properties": Object {},
                "readonly": false,
              },
            ],
            "name": "collectionName",
            "parent": [MockFunction],
          },
          "readonly": true,
          "subTypes": Array [],
        },
      },
    ],
    "message": "Choose a columns:",
    "name": "columns",
    "type": "checkbox",
    "when": [Function],
  },
]
`;
