// Jest Snapshot v1, https://goo.gl/fbAQLP

exports[`Check the Prompts class Check the class functions it should be return various icons when getIcon() is called with all days of a year 1`] = `
Array [
  "⛄ ⛄ ⛄ ⛄ ⛄ ⛄ ⛄ ⛄ ⛄ ⛄ ⛄ ⛄ ⛄ ⛄ ⛄ ⛄ ⛄ ⛄ ⛄ ⛄ ⛄ ⛄ ⛄ ⛄ ⛄ ⛄ ⛄ ⛄ ⛄ ⛄ ⛄",
  "⛄ ⛄ ⛄ ⛄ ⛄ ⛄ ⛄ ⛄ ⛄ ⛄ ⛄ ⛄ ⛄ ⛄ ⛄ ⛄ ⛄ ⛄ ⛄ ⛄ ⛄ ⛄ ⛄ ⛄ ⛄ ⛄ ⛄ ⛄",
  "⛄ ⛄ ⛄ ⛄ ⛄ ⛄ ⛄ ⛄ ⛄ ⛄ ⛄ ⛄ ⛄ ⛄ ⛄ ⛄ ⛄ ⛄ ⛄ ⛄ 🐰 🐰 🐰 🐰 🐰 🐰 🐰 🐰 🐰 🐰 🐰",
  "🐰 🐰 🐰 🐰 🐰 🐰 🐰 🐰 🐰 🐰 🐰 🐰 🐰 🐰 🐰 🐰 🐰 🐰 🐰 🐰 🐰 🐰 🐰 🐰 🐰 🎯 🎯 🎯 🎯 🎯",
  "🎯 🎯 🎯 🎯 🎯 🎯 🎯 🎯 🎯 🎯 🎯 🎯 🎯 🎯 🎯 🎯 🎯 🎯 🎯 🎯 🎯 🎯 🎯 🎯 🎯 🎯 🎯 🎯 🎯 🎯 🎯",
  "⛺ ⛺ ⛺ ⛺ ⛺ ⛺ ⛺ ⛺ ⛺ ⛺ ⛺ ⛺ ⛺ ⛺ ⛺ ⛺ ⛺ ⛺ ⛺ ⛺ ⛺ ⛺ ⛺ ⛺ ⛺ ⛺ ⛺ ⛺ ⛺ ⛺",
  "⛺ ⛺ ⛺ ⛺ ⛺ ⛺ ⛺ ⛺ ⛺ ⛺ ⛺ ⛺ ⛺ ⛺ ⛺ ⛺ ⛺ ⛺ ⛺ ⛺ ⛺ ⛺ ⛺ ⛺ ⛺ ⛺ ⛺ ⛺ ⛺ ⛺ ⛺",
  "⛺ ⛺ ⛺ ⛺ ⛺ ⛺ ⛺ ⛺ ⛺ ⛺ ⛺ ⛺ ⛺ ⛺ ⛺ 🎯 🎯 🎯 🎯 🎯 🎯 🎯 🎯 🎯 🎯 🎯 🎯 🎯 🎯 🎯 🎯",
  "🎯 🎯 🎯 🎯 🎯 🎯 🎯 🎯 🎯 🎯 🎯 🎯 🎯 🎯 🎯 🎯 🎯 🎯 🎯 🎯 🎯 🎯 🎯 🎯 🎯 🎯 🎯 🎯 🎯 🎯",
  "🎯 🎯 🎯 🎯 🎯 🎯 🎯 🎯 🎯 🎯 🎯 🎯 🎯 🎯 🎯 🎯 🎯 🎯 🎯 🎯 🎯 🎯 🎯 🎃 🎃 🎃 🎃 🎃 🎃 🎃 🎃",
  "🎃 🎃 🎃 🎃 🎃 🎃 🎃 🎃 ⛄ ⛄ ⛄ ⛄ ⛄ ⛄ ⛄ ⛄ ⛄ ⛄ ⛄ ⛄ ⛄ ⛄ ⛄ ⛄ ⛄ ⛄ ⛄ ⛄ ⛄ ⛄",
  "🎄 🎄 🎄 🎄 🎄 🎄 🎄 🎄 🎄 🎄 🎄 🎄 🎄 🎄 🎄 🎄 🎄 🎄 🎄 🎄 🎄 🎄 🎄 🎄 🎄 🎄 🎄 🎄 🎄 🎄 🎉",
]
`;
